Como actualizar un Repositorio Maven para A単adir el ojdbc7.jar  (conecion con Oracle 11gR2 y Springboot

Esto es cunando necesitas a単adir un .JAR al Maven , y este no se encuentra totalmente configurado 

I)
Revisar si esta en el PATH

C:\ >mvn
'mvn' is not recognized as an internal or external command,
operable program or batch file.

C:\>PATH
PATH=C:\Program Files (x86)\Common Files\Oracle\Java\javapath;D:\csvn\bin\;D:\csvn\Python25\;D:\app\calmdc04\product\11.2.0\dbhome
_1\bin;C:\orant\bin;C:\ProgramData\Oracle\Java\javapath;C:\Windows\system32;C:\Windows;C:\Windows\System32\Wbem;C:\Windows\System3
2\WindowsPowerShell\v1.0\;C:\Program Files (x86)\Microsoft SQL Server\100\Tools\Binn\VSShell\Common7\IDE\;C:\Program Files (x86)\M
icrosoft SQL Server\100\Tools\Binn\;C:\Program Files\Microsoft SQL Server\100\Tools\Binn\;C:\Program Files (x86)\Microsoft SQL Ser
ver\100\DTS\Binn\;C:\Program Files\Microsoft SQL Server\100\DTS\Binn\;C:\Program Files (x86)\Microsoft SQL Server\110\Tools\Binn\M
anagementStudio\;C:\Program Files (x86)\Microsoft SQL Server\110\Tools\Binn\;C:\Program Files\Microsoft SQL Server\110\Tools\Binn\
;C:\Program Files (x86)\Microsoft SQL Server\110\DTS\Binn\;C:\Program Files\Microsoft SQL Server\110\DTS\Binn\;C:\Program Files\Mi
crosoft\Web Platform Installer\;C:\Program Files (x86)\Microsoft ASP.NET\ASP.NET Web Pages\v1.0\;C:\Program Files (x86)\Windows Ki
ts\8.0\Windows Performance Toolkit\;C:\orant\jdk\bin;C:\Program Files (x86)\HP\Unified Functional Testing\bin;D:\TortoiseSVN\bin;C
:\Ruby24-x64\bin;C:\Users\s59097\AppData\Local\Programs\Fiddler

II)
a単adir al PATH

C:\>SET PATH=D:\<directorio>\tools\apache-maven-3.6.0\bin;%PATH%

C:\Users\s59097>PATH
PATH=D:\<directorio>\tools\apache-maven-3.6.0\bin;C:\Program Files (x86)\Common Files\Oracle\Java\javapath;D:\csvn\bin\;D:\csvn\Python25\;D
:\app\calmdc04\product\11.2.0\dbhome_1\bin;....

III) Revisamos y ejecutamos

C:\>mvn
[INFO] Scanning for projects...
[INFO] ------------------------------------------------------------------------
[INFO] BUILD FAILURE
[INFO] ------------------------------------------------------------------------
[INFO] Total time:  0.106 s
[INFO] Finished at: 2019-01-18T16:14:57-05:00
[INFO] ------------------------------------------------------------------------
[ERROR] No goals have been specified for this build. You must specify a valid lifecycle phase or a goal in the format <plugin-pref
ix>:<goal> or <plugin-group-id>:<plugin-artifact-id>[:<plugin-version>]:<goal>. Available lifecycle phases are: validate, initiali
ze, generate-sources, process-sources, generate-resources, process-resources, compile, process-classes, generate-test-sources, pro
cess-test-sources, generate-test-resources, process-test-resources, test-compile, process-test-classes, test, prepare-package, pac
kage, pre-integration-test, integration-test, post-integration-test, verify, install, deploy, pre-clean, clean, post-clean, pre-si
te, site, post-site, site-deploy. -> [Help 1]
[ERROR]
[ERROR] To see the full stack trace of the errors, re-run Maven with the -e switch.
[ERROR] Re-run Maven using the -X switch to enable full debug logging.
[ERROR]
[ERROR] For more information about the errors and possible solutions, please read the following articles:
[ERROR] [Help 1] http://cwiki.apache.org/confluence/display/MAVEN/NoGoalSpecifiedException


IV) A単adimos el ojdbc7.jar

C:\>mvn install:install-file -Dfile=D:\ojdbc7.jar -DgroupId=com.oracle -DartifactId=ojdbc7 -Dversion=12.1.0.2 -Dpackag
ing=jar
[INFO] Scanning for projects...
[INFO]
[INFO] ------------------< org.apache.maven:standalone-pom >-------------------
[INFO] Building Maven Stub Project (No POM) 1
[INFO] --------------------------------[ pom ]---------------------------------
[INFO]
[INFO] --- maven-install-plugin:2.4:install-file (default-cli) @ standalone-pom ---
Downloading from central: https://repo.maven.apache.org/maven2/org/codehaus/plexus/plexus-utils/3.0.5/plexus-utils-3.0.5.pom
Downloaded from central: https://repo.maven.apache.org/maven2/org/codehaus/plexus/plexus-utils/3.0.5/plexus-utils-3.0.5.pom (2.5 k
B at 2.2 kB/s)
Downloading from central: https://repo.maven.apache.org/maven2/org/codehaus/plexus/plexus/3.1/plexus-3.1.pom
Downloaded from central: https://repo.maven.apache.org/maven2/org/codehaus/plexus/plexus/3.1/plexus-3.1.pom (19 kB at 48 kB/s)
Downloading from central: https://repo.maven.apache.org/maven2/org/codehaus/plexus/plexus-digest/1.0/plexus-digest-1.0.pom
Downloaded from central: https://repo.maven.apache.org/maven2/org/codehaus/plexus/plexus-digest/1.0/plexus-digest-1.0.pom (1.1 kB
at 3.8 kB/s)
Downloading from central: https://repo.maven.apache.org/maven2/org/codehaus/plexus/plexus-components/1.1.7/plexus-components-1.1.7
.pom
Downloaded from central: https://repo.maven.apache.org/maven2/org/codehaus/plexus/plexus-components/1.1.7/plexus-components-1.1.7.
pom (5.0 kB at 17 kB/s)
Downloading from central: https://repo.maven.apache.org/maven2/org/codehaus/plexus/plexus/1.0.8/plexus-1.0.8.pom
Downloaded from central: https://repo.maven.apache.org/maven2/org/codehaus/plexus/plexus/1.0.8/plexus-1.0.8.pom (7.2 kB at 22 kB/s
)
Downloading from central: https://repo.maven.apache.org/maven2/org/codehaus/plexus/plexus-container-default/1.0-alpha-8/plexus-con
tainer-default-1.0-alpha-8.pom
Downloaded from central: https://repo.maven.apache.org/maven2/org/codehaus/plexus/plexus-container-default/1.0-alpha-8/plexus-cont
ainer-default-1.0-alpha-8.pom (7.3 kB at 24 kB/s)
Downloading from central: https://repo.maven.apache.org/maven2/org/codehaus/plexus/plexus-utils/3.0.5/plexus-utils-3.0.5.jar
Downloading from central: https://repo.maven.apache.org/maven2/org/codehaus/plexus/plexus-digest/1.0/plexus-digest-1.0.jar
Downloaded from central: https://repo.maven.apache.org/maven2/org/codehaus/plexus/plexus-digest/1.0/plexus-digest-1.0.jar (12 kB a
t 20 kB/s)
Downloaded from central: https://repo.maven.apache.org/maven2/org/codehaus/plexus/plexus-utils/3.0.5/plexus-utils-3.0.5.jar (230 k
B at 266 kB/s)
[INFO] Installing D:\ojdbc7.jar to C:\Users\s59097\.m2\repository\com\oracle\ojdbc7\12.1.0.2\ojdbc7-12.1.0.2.jar
[INFO] Installing C:\Users\s59097\AppData\Local\Temp\mvninstall4690602082832795981.pom to C:\Users\s59097\.m2\repository\com\oracl
e\ojdbc7\12.1.0.2\ojdbc7-12.1.0.2.pom
[INFO] ------------------------------------------------------------------------
[INFO] BUILD SUCCESS
[INFO] ------------------------------------------------------------------------
[INFO] Total time:  5.709 s
[INFO] Finished at: 2019-01-18T16:16:46-05:00
[INFO] ------------------------------------------------------------------------


